// Jest Snapshot v1, https://goo.gl/fbAQLP

exports[`App Component App initial Should render properly 1`] = `ShallowWrapper {}`;
