// Jest Snapshot v1, https://goo.gl/fbAQLP

exports[`GalleryItem Component GalleryItem Component initial Should render properly 1`] = `ShallowWrapper {}`;
