// Jest Snapshot v1, https://goo.gl/fbAQLP

exports[`GalleryContainer Component GalleryContainer Loading renders properly 1`] = `ShallowWrapper {}`;
