// Jest Snapshot v1, https://goo.gl/fbAQLP

exports[`MainPage Component MainPage initial Should render properly 1`] = `ReactWrapper {}`;
