// Jest Snapshot v1, https://goo.gl/fbAQLP

exports[`SearchPanel Component SearchPanel Component initial Should render properly 1`] = `ReactWrapper {}`;
