// Jest Snapshot v1, https://goo.gl/fbAQLP

exports[`Tag Component Tag Component initial Should render properly 1`] = `ReactWrapper {}`;
